// Jest Snapshot v1, https://goo.gl/fbAQLP

exports[`LoadingMessage should matches snapshot 1`] = `
<DocumentFragment>
  .emotion-0 {
  display: -webkit-box;
  display: -webkit-flex;
  display: -ms-flexbox;
  display: flex;
  -webkit-align-items: center;
  -webkit-box-align: center;
  -ms-flex-align: center;
  align-items: center;
  -webkit-box-pack: center;
  -ms-flex-pack: center;
  -webkit-justify-content: center;
  justify-content: center;
  height: 100%;
}

.emotion-1 {
  width: 240px;
}

.emotion-2 {
  margin-left: var(--chakra-space-10);
  color: red;
  font-size: var(--chakra-fontSizes-3xl);
}

<div
    class="emotion-0"
  >
    <img
      class="chakra-image emotion-1"
      role="presentation"
      src="/images/logo-infinum.png"
    />
    <p
      class="chakra-text emotion-2"
    >
      Loading...
    </p>
  </div>
  <span
    hidden=""
    id="__chakra_env"
  />
</DocumentFragment>
`;
