// Jest Snapshot v1, https://goo.gl/fbAQLP

exports[`AuthLayout should matches snapshot 1`] = `
<DocumentFragment>
  .emotion-0 {
  min-height: var(--chakra-sizes-full);
}

<div
    class="emotion-0"
  />
  <span
    hidden=""
    id="__chakra_env"
  />
</DocumentFragment>
`;
