// Jest Snapshot v1, https://goo.gl/fbAQLP

exports[`FlightCardFallback should render fallback 1`] = `
<DocumentFragment>
  @keyframes animation-0 {
  from {
    border-color: var(--skeleton-start-color);
    background: var(--skeleton-start-color);
  }

  to {
    border-color: var(--skeleton-end-color);
    background: var(--skeleton-end-color);
  }
}

.emotion-0 {
  --skeleton-start-color: var(--chakra-colors-gray-100);
  --skeleton-end-color: var(--chakra-colors-gray-400);
  background: var(--skeleton-start-color);
  border-color: var(--skeleton-end-color);
  opacity: 0.7;
  border-radius: var(--chakra-radii-sm);
  -webkit-animation: 0.8s linear infinite alternate animation-0;
  animation: 0.8s linear infinite alternate animation-0;
  box-shadow: var(--chakra-shadows-none);
  -webkit-background-clip: padding-box;
  background-clip: padding-box;
  cursor: default;
  color: var(--chakra-colors-transparent);
  pointer-events: none;
  -webkit-user-select: none;
  -moz-user-select: none;
  -ms-user-select: none;
  user-select: none;
  width: var(--chakra-sizes-full);
  height: 100px;
  padding: var(--chakra-space-5);
}

.chakra-ui-dark .emotion-0:not([data-theme]),
[data-theme=dark] .emotion-0:not([data-theme]),
.emotion-0[data-theme=dark] {
  --skeleton-start-color: var(--chakra-colors-gray-800);
  --skeleton-end-color: var(--chakra-colors-gray-600);
}

.emotion-0::before,
.emotion-0::after,
.emotion-0 * {
  visibility: hidden;
}

<div
    class="chakra-skeleton emotion-0"
  />
  <span
    hidden=""
    id="__chakra_env"
  />
</DocumentFragment>
`;
