// Jest Snapshot v1, https://goo.gl/fbAQLP

exports[`Flights should render error state 1`] = `
<DocumentFragment>
  @keyframes animation-0 {
  from {
    border-color: var(--skeleton-start-color);
    background: var(--skeleton-start-color);
  }

  to {
    border-color: var(--skeleton-end-color);
    background: var(--skeleton-end-color);
  }
}

.emotion-0 {
  display: -webkit-box;
  display: -webkit-flex;
  display: -ms-flexbox;
  display: flex;
  -webkit-align-items: stretch;
  -webkit-box-align: stretch;
  -ms-flex-align: stretch;
  align-items: stretch;
  -webkit-flex-direction: column;
  -ms-flex-direction: column;
  flex-direction: column;
}

.emotion-0>*:not(style)~*:not(style) {
  margin-top: var(--chakra-space-4);
  -webkit-margin-end: 0px;
  margin-inline-end: 0px;
  margin-bottom: 0px;
  -webkit-margin-start: 0px;
  margin-inline-start: 0px;
}

.emotion-1 {
  --skeleton-start-color: var(--chakra-colors-gray-100);
  --skeleton-end-color: var(--chakra-colors-gray-400);
  background: var(--skeleton-start-color);
  border-color: var(--skeleton-end-color);
  opacity: 0.7;
  border-radius: var(--chakra-radii-sm);
  -webkit-animation: 0.8s linear infinite alternate animation-0;
  animation: 0.8s linear infinite alternate animation-0;
  box-shadow: var(--chakra-shadows-none);
  -webkit-background-clip: padding-box;
  background-clip: padding-box;
  cursor: default;
  color: var(--chakra-colors-transparent);
  pointer-events: none;
  -webkit-user-select: none;
  -moz-user-select: none;
  -ms-user-select: none;
  user-select: none;
  width: var(--chakra-sizes-full);
  height: 100px;
  padding: var(--chakra-space-5);
}

.chakra-ui-dark .emotion-1:not([data-theme]),
[data-theme=dark] .emotion-1:not([data-theme]),
.emotion-1[data-theme=dark] {
  --skeleton-start-color: var(--chakra-colors-gray-800);
  --skeleton-end-color: var(--chakra-colors-gray-600);
}

.emotion-1::before,
.emotion-1::after,
.emotion-1 * {
  visibility: hidden;
}

<div
    class="chakra-stack emotion-0"
  >
    <span>
      Loading...
    </span>
    <div
      class="chakra-skeleton emotion-1"
    />
    <div
      class="chakra-skeleton emotion-1"
    />
    <div
      class="chakra-skeleton emotion-1"
    />
    <div
      class="chakra-skeleton emotion-1"
    />
    <div
      class="chakra-skeleton emotion-1"
    />
    <div
      class="chakra-skeleton emotion-1"
    />
    <div
      class="chakra-skeleton emotion-1"
    />
    <div
      class="chakra-skeleton emotion-1"
    />
    <div
      class="chakra-skeleton emotion-1"
    />
    <div
      class="chakra-skeleton emotion-1"
    />
  </div>
  <span
    hidden=""
    id="__chakra_env"
  />
</DocumentFragment>
`;
